// Jest Snapshot v1, https://goo.gl/fbAQLP

exports[`<OutsideClickHandler /> should render without crash 1`] = `
<div
  class=""
>
  Click outside of this element.
</div>
`;
